
today is a good day
And it's rain day



